// Vitest Snapshot v1, https://vitest.dev/guide/snapshot.html

exports[`CookieConsent > should render 1`] = `
{
  "asFragment": [Function],
  "baseElement": <body>
    <div>
      <div
        class="fixed top-0 left-0 right-0 bottom-0 flex items-center justify-center bg-theme-blue bg-opacity-80"
      >
        <div
          class="shadow-lg bg-theme-white text-theme-blue text-center p-10 h-auto"
        >
          <p>
            Welcome ðŸ‘‹! Is it ok if we use cookies to improve your experience? 
            <a
              class="underline"
              href="cookie-consent"
            >
              Read more
            </a>
          </p>
          <div
            class="flex justify-center gap-2 mt-4"
          >
            <button
              class="p-2 m-2 bg-green-600 text-theme-white rounded-md"
              value="accepted"
            >
              Accept
            </button>
            <button
              class="p-2 m-2 border-solid border-2 border-theme-red text-theme-red rounded-md"
              value="declined"
            >
              Decline
            </button>
          </div>
        </div>
      </div>
    </div>
  </body>,
  "container": <div>
    <div
      class="fixed top-0 left-0 right-0 bottom-0 flex items-center justify-center bg-theme-blue bg-opacity-80"
    >
      <div
        class="shadow-lg bg-theme-white text-theme-blue text-center p-10 h-auto"
      >
        <p>
          Welcome ðŸ‘‹! Is it ok if we use cookies to improve your experience? 
          <a
            class="underline"
            href="cookie-consent"
          >
            Read more
          </a>
        </p>
        <div
          class="flex justify-center gap-2 mt-4"
        >
          <button
            class="p-2 m-2 bg-green-600 text-theme-white rounded-md"
            value="accepted"
          >
            Accept
          </button>
          <button
            class="p-2 m-2 border-solid border-2 border-theme-red text-theme-red rounded-md"
            value="declined"
          >
            Decline
          </button>
        </div>
      </div>
    </div>
  </div>,
  "debug": [Function],
  "findAllByAltText": [Function],
  "findAllByDisplayValue": [Function],
  "findAllByLabelText": [Function],
  "findAllByPlaceholderText": [Function],
  "findAllByRole": [Function],
  "findAllByTestId": [Function],
  "findAllByText": [Function],
  "findAllByTitle": [Function],
  "findByAltText": [Function],
  "findByDisplayValue": [Function],
  "findByLabelText": [Function],
  "findByPlaceholderText": [Function],
  "findByRole": [Function],
  "findByTestId": [Function],
  "findByText": [Function],
  "findByTitle": [Function],
  "getAllByAltText": [Function],
  "getAllByDisplayValue": [Function],
  "getAllByLabelText": [Function],
  "getAllByPlaceholderText": [Function],
  "getAllByRole": [Function],
  "getAllByTestId": [Function],
  "getAllByText": [Function],
  "getAllByTitle": [Function],
  "getByAltText": [Function],
  "getByDisplayValue": [Function],
  "getByLabelText": [Function],
  "getByPlaceholderText": [Function],
  "getByRole": [Function],
  "getByTestId": [Function],
  "getByText": [Function],
  "getByTitle": [Function],
  "queryAllByAltText": [Function],
  "queryAllByDisplayValue": [Function],
  "queryAllByLabelText": [Function],
  "queryAllByPlaceholderText": [Function],
  "queryAllByRole": [Function],
  "queryAllByTestId": [Function],
  "queryAllByText": [Function],
  "queryAllByTitle": [Function],
  "queryByAltText": [Function],
  "queryByDisplayValue": [Function],
  "queryByLabelText": [Function],
  "queryByPlaceholderText": [Function],
  "queryByRole": [Function],
  "queryByTestId": [Function],
  "queryByText": [Function],
  "queryByTitle": [Function],
  "rerender": [Function],
  "unmount": [Function],
}
`;
